// Vitest Snapshot v1, https://vitest.dev/guide/snapshot.html

exports[`Home page > renders correctly 1`] = `
<div>
  <div
    class="sc-gLDzan jaJibS"
  >
    <h1
      class="sc-beqWaB sc-iAEyYk cQtevs iaEtqS"
      color="white"
    >
      Animals Gallery
    </h1>
    <p
      class="sc-gueYoa dHJZum"
      color="white"
    >
      Your ultimate place to find awensome animals photos.
    </p>
    <a
      href="/gallery"
    >
      <button
        class="sc-hLseeU sc-jTrPJq lmVMho VvJzI sc-fsQiph iWsiSW"
      >
        Get started
      </button>
    </a>
  </div>
</div>
`;
